pointer-report: 57 sites; extern 4, param 11, return 1, field 2, variant 1, local 5, deref 3, deref-arith 1, arith 5, cast 6, null-cast 1, null-test 1, store 3, arg 1, arg-extern 8, arg-unresolved 0, h-pointer-into-ref 1, h-slice-into-pointer 1, h-mixed-params 2; optional-ref derefs (not listed) 1, bodies unfiled 0, alias handles (not listed) 3
pointer-report: tests/pointer-report/fixture.scaly:8:16: extern-param pointer[void] memcpy(dst)
pointer-report: tests/pointer-report/fixture.scaly:8:37: extern-param pointer[void] memcpy(src)
pointer-report: tests/pointer-report/fixture.scaly:8:68: extern-return pointer[void] memcpy
pointer-report: tests/pointer-report/fixture.scaly:12:5: field pointer[u8] Holder.buf
pointer-report: tests/pointer-report/fixture.scaly:17:1: variant pointer[Leaf] Payload.Raw
pointer-report: tests/pointer-report/fixture.scaly:23:29: param pointer[u8] walk(raw)
pointer-report: tests/pointer-report/fixture.scaly:23:1: h-mixed-params walk
pointer-report: tests/pointer-report/fixture.scaly:23:72: return pointer[u8] walk
pointer-report: tests/pointer-report/fixture.scaly:44:16: field pointer[T] Box.p
pointer-report: tests/pointer-report/fixture.scaly:50:19: param pointer[int] use_boxes(a)
pointer-report: tests/pointer-report/fixture.scaly:50:37: param pointer[u8] use_boxes(b)
pointer-report: tests/pointer-report/fixture.scaly:71:19: param pointer[u8] takes_ptr(p)
pointer-report: tests/pointer-report/fixture.scaly:75:15: param pointer[int] mixed(a)
pointer-report: tests/pointer-report/fixture.scaly:75:1: h-mixed-params mixed
pointer-report: tests/pointer-report/fixture.scaly:86:25: param pointer[u8] take(p)
pointer-report: tests/pointer-report/fixture.scaly:88:22: param pointer[Sized] call_shapes(h)
pointer-report: tests/pointer-report/fixture.scaly:88:42: param pointer[u8] call_shapes(raw)
pointer-report: tests/pointer-report/fixture.scaly:88:74: param pointer[Leaf] call_shapes(leaf)
pointer-report: tests/pointer-report/fixture.scaly:25:15: deref pointer[u8]
pointer-report: tests/pointer-report/fixture.scaly:26:15: deref-arith pointer[u8]
pointer-report: tests/pointer-report/fixture.scaly:27:5: local pointer[u8] tail
pointer-report: tests/pointer-report/fixture.scaly:27:14: arith pointer[u8]
pointer-report: tests/pointer-report/fixture.scaly:28:5: store pointer[u8]
pointer-report: tests/pointer-report/fixture.scaly:29:5: store-arith pointer[u8]
pointer-report: tests/pointer-report/fixture.scaly:30:5: local pointer[u8] p
pointer-report: tests/pointer-report/fixture.scaly:31:5: null-test pointer[u8]
pointer-report: tests/pointer-report/fixture.scaly:33:5: local pointer[void] q
pointer-report: tests/pointer-report/fixture.scaly:33:15: cast pointer[u8] as pointer[void]
pointer-report: tests/pointer-report/fixture.scaly:34:5: local pointer[Leaf] z
pointer-report: tests/pointer-report/fixture.scaly:34:16: null-cast pointer[Leaf]
pointer-report: tests/pointer-report/fixture.scaly:35:11: arg-extern pointer[void] -> memcpy(dst)
pointer-report: tests/pointer-report/fixture.scaly:35:19: arg-extern pointer[void] -> memcpy(src)
pointer-report: tests/pointer-report/fixture.scaly:35:19: cast pointer[u8] as pointer[void]
pointer-report: tests/pointer-report/fixture.scaly:47:9: deref pointer[T]
pointer-report: tests/pointer-report/fixture.scaly:76:5: deref pointer[int]
pointer-report: packages/scaly/0.1.0/scaly/containers/Slice.scaly:45:9: arith pointer[u8]
pointer-report: packages/scaly/0.1.0/scaly/containers/Slice.scaly:82:9: arith pointer[u8]
pointer-report: packages/scaly/0.1.0/scaly/containers/Slice.scaly:104:9: store-arith pointer[u8]
pointer-report: packages/scaly/0.1.0/scaly/containers/Slice.scaly:125:27: arith pointer[u8]
pointer-report: packages/scaly/0.1.0/scaly/containers/Slice.scaly:145:21: arg-extern pointer[void] -> memcmp[0]
pointer-report: packages/scaly/0.1.0/scaly/containers/Slice.scaly:145:50: arg-extern pointer[void] -> memcmp[1]
pointer-report: packages/scaly/0.1.0/scaly/containers/Slice.scaly:145:21: cast pointer[u8] as pointer[void]
pointer-report: packages/scaly/0.1.0/scaly/containers/Slice.scaly:145:50: cast pointer[u8] as pointer[void]
pointer-report: packages/scaly/0.1.0/scaly/containers/Slice.scaly:225:9: local pointer[u8] result
pointer-report: packages/scaly/0.1.0/scaly/containers/Slice.scaly:225:20: arith pointer[u8]
pointer-report: tests/pointer-report/fixture.scaly:91:20: arg pointer[u8] -> takes_ptr(p)
pointer-report: tests/pointer-report/fixture.scaly:92:20: h-pointer-into-ref pointer[Leaf] -> takes_ref(r)
pointer-report: tests/pointer-report/fixture.scaly:95:17: h-slice-into-pointer Slice[u8] -> take(p)
pointer-report: tests/pointer-report/fixture.scaly:96:16: arg-extern pointer[void] -> memcpy(dst)
pointer-report: tests/pointer-report/fixture.scaly:96:38: arg-extern pointer[void] -> memcpy(src)
pointer-report: tests/pointer-report/fixture.scaly:96:16: cast pointer[u8] as pointer[void]
pointer-report: tests/pointer-report/fixture.scaly:96:38: cast pointer[u8] as pointer[void]
