pointer-report: 137 sites; extern 4, param 19, return 1, field 4, variant 1, local 12, deref 5, deref-arith 7, arith 12, cast 19, null-cast 1, null-test 8, store 11, arg 2, arg-extern 21, arg-unresolved 0, h-pointer-into-ref 2, h-slice-into-pointer 1, h-mixed-params 5, h-store-through-ref-slot 2; optional-ref derefs (not listed) 1, bodies unfiled 0, alias handles (not listed) 3
pointer-report: tests/pointer-report/fixture.scaly:8:16: extern-param pointer[void] memcpy(dst)
pointer-report: tests/pointer-report/fixture.scaly:8:37: extern-param pointer[void] memcpy(src)
pointer-report: tests/pointer-report/fixture.scaly:8:68: extern-return pointer[void] memcpy
pointer-report: tests/pointer-report/fixture.scaly:12:5: field pointer[u8] Holder.buf
pointer-report: tests/pointer-report/fixture.scaly:17:1: variant pointer[Leaf] Payload.Raw
pointer-report: tests/pointer-report/fixture.scaly:23:29: param pointer[u8] walk(raw)
pointer-report: tests/pointer-report/fixture.scaly:23:1: h-mixed-params walk
pointer-report: tests/pointer-report/fixture.scaly:23:72: return pointer[u8] walk
pointer-report: tests/pointer-report/fixture.scaly:44:16: field pointer[T] Box.p
pointer-report: tests/pointer-report/fixture.scaly:50:19: param pointer[int] use_boxes(a)
pointer-report: tests/pointer-report/fixture.scaly:50:37: param pointer[u8] use_boxes(b)
pointer-report: tests/pointer-report/fixture.scaly:71:19: param pointer[u8] takes_ptr(p)
pointer-report: tests/pointer-report/fixture.scaly:75:15: param pointer[int] mixed(a)
pointer-report: tests/pointer-report/fixture.scaly:75:1: h-mixed-params mixed
pointer-report: tests/pointer-report/fixture.scaly:86:25: param pointer[u8] take(p)
pointer-report: tests/pointer-report/fixture.scaly:88:22: param pointer[Sized] call_shapes(h)
pointer-report: tests/pointer-report/fixture.scaly:88:42: param pointer[u8] call_shapes(raw)
pointer-report: tests/pointer-report/fixture.scaly:88:74: param pointer[Leaf] call_shapes(leaf)
pointer-report: tests/pointer-report/fixture.scaly:103:38: field pointer[u8] Source.contents
pointer-report: tests/pointer-report/fixture.scaly:105:32: param pointer[u8] Source(contents)
pointer-report: tests/pointer-report/fixture.scaly:105:5: h-mixed-params Source
pointer-report: tests/pointer-report/fixture.scaly:117:24: param pointer[Origin] build_sources(o)
pointer-report: tests/pointer-report/fixture.scaly:117:45: param pointer[u8] build_sources(raw)
pointer-report: tests/pointer-report/fixture.scaly:127:63: param pointer[ref[Leaf]] fill_slots(buf)
pointer-report: tests/pointer-report/fixture.scaly:127:88: param pointer[Option[ref[Leaf]]] fill_slots(obuf)
pointer-report: tests/pointer-report/fixture.scaly:127:115: param pointer[ref[Leaf]] fill_slots(cell)
pointer-report: tests/pointer-report/fixture.scaly:127:1: h-mixed-params fill_slots
pointer-report: tests/pointer-report/fixture.scaly:138:14: field pointer[int] Grid.cells
pointer-report: tests/pointer-report/fixture.scaly:143:39: param pointer[u8] provenance(src)
pointer-report: tests/pointer-report/fixture.scaly:143:1: h-mixed-params provenance
pointer-report: tests/pointer-report/fixture.scaly:154:32: param pointer[u8] fallbacks(src)
pointer-report: tests/pointer-report/fixture.scaly:25:15: deref pointer[u8]
pointer-report: tests/pointer-report/fixture.scaly:26:15: deref-arith pointer[u8] base=param(raw) len=n
pointer-report: tests/pointer-report/fixture.scaly:27:5: local pointer[u8] tail
pointer-report: tests/pointer-report/fixture.scaly:27:14: arith pointer[u8] base=param(raw) len=n
pointer-report: tests/pointer-report/fixture.scaly:28:5: store pointer[u8]
pointer-report: tests/pointer-report/fixture.scaly:29:5: store-arith pointer[u8] base=param(raw) len=n
pointer-report: tests/pointer-report/fixture.scaly:30:5: local pointer[u8] p
pointer-report: tests/pointer-report/fixture.scaly:31:5: null-test pointer[u8]
pointer-report: tests/pointer-report/fixture.scaly:33:5: local pointer[void] q
pointer-report: tests/pointer-report/fixture.scaly:33:15: cast pointer[u8] as pointer[void]
pointer-report: tests/pointer-report/fixture.scaly:34:5: local pointer[Leaf] z
pointer-report: tests/pointer-report/fixture.scaly:34:16: null-cast pointer[Leaf]
pointer-report: tests/pointer-report/fixture.scaly:35:11: arg-extern pointer[void] -> memcpy(dst)
pointer-report: tests/pointer-report/fixture.scaly:35:19: arg-extern pointer[void] -> memcpy(src)
pointer-report: tests/pointer-report/fixture.scaly:35:19: cast pointer[u8] as pointer[void]
pointer-report: tests/pointer-report/fixture.scaly:47:9: deref pointer[T]
pointer-report: tests/pointer-report/fixture.scaly:76:5: deref pointer[int]
pointer-report: packages/scaly/0.1.0/scaly/containers/Slice.scaly:45:9: arith pointer[u8] base=field(Slice.data) len=Slice.length
pointer-report: packages/scaly/0.1.0/scaly/containers/Slice.scaly:74:9: arith pointer[u8] base=field(Slice.data) len=Slice.length
pointer-report: packages/scaly/0.1.0/scaly/containers/Slice.scaly:92:9: store-arith pointer[u8] base=field(Slice.data) len=Slice.length
pointer-report: packages/scaly/0.1.0/scaly/containers/Slice.scaly:113:27: arith pointer[u8] base=field(Slice.data) len=Slice.length
pointer-report: packages/scaly/0.1.0/scaly/containers/Slice.scaly:133:21: arg-extern pointer[void] -> memcmp[0]
pointer-report: packages/scaly/0.1.0/scaly/containers/Slice.scaly:133:50: arg-extern pointer[void] -> memcmp[1]
pointer-report: packages/scaly/0.1.0/scaly/containers/Slice.scaly:133:21: cast pointer[u8] as pointer[void]
pointer-report: packages/scaly/0.1.0/scaly/containers/Slice.scaly:133:50: cast pointer[u8] as pointer[void]
pointer-report: packages/scaly/0.1.0/scaly/containers/Slice.scaly:213:9: local pointer[u8] result
pointer-report: packages/scaly/0.1.0/scaly/containers/Slice.scaly:213:20: arith pointer[u8] base=field(Slice.data) len=Slice.length
pointer-report: tests/pointer-report/fixture.scaly:91:20: arg pointer[u8] -> takes_ptr(p)
pointer-report: tests/pointer-report/fixture.scaly:92:20: h-pointer-into-ref pointer[Leaf] -> takes_ref(r)
pointer-report: tests/pointer-report/fixture.scaly:95:17: h-slice-into-pointer Slice[u8] -> take(p)
pointer-report: tests/pointer-report/fixture.scaly:96:16: arg-extern pointer[void] -> memcpy(dst)
pointer-report: tests/pointer-report/fixture.scaly:96:38: arg-extern pointer[void] -> memcpy(src)
pointer-report: tests/pointer-report/fixture.scaly:96:16: cast pointer[u8] as pointer[void]
pointer-report: tests/pointer-report/fixture.scaly:96:38: cast pointer[u8] as pointer[void]
pointer-report: tests/pointer-report/fixture.scaly:120:22: arg pointer[u8] -> Source.init(contents)
pointer-report: tests/pointer-report/fixture.scaly:121:17: h-pointer-into-ref pointer[Origin] -> Anchor.init(target)
pointer-report: tests/pointer-report/fixture.scaly:129:5: h-store-through-ref-slot pointer[ref[Leaf]]
pointer-report: tests/pointer-report/fixture.scaly:130:5: h-store-through-ref-slot pointer[ref[Leaf]]
pointer-report: tests/pointer-report/fixture.scaly:131:5: store-arith pointer[ref[Leaf]] base=param(buf)
pointer-report: tests/pointer-report/fixture.scaly:132:5: store-arith pointer[Option[ref[Leaf]]] base=param(obuf)
pointer-report: tests/pointer-report/fixture.scaly:141:9: deref-arith pointer[int] base=field(Grid.cells) len=Grid.count
pointer-report: packages/scaly/0.1.0/scaly/containers/Array.scaly:109:12: null-test pointer[u8]
pointer-report: packages/scaly/0.1.0/scaly/containers/Array.scaly:112:9: local pointer[u8] location
pointer-report: packages/scaly/0.1.0/scaly/containers/Array.scaly:112:22: arith pointer[u8] base=field(Array.buffer) len=Array.length
pointer-report: packages/scaly/0.1.0/scaly/containers/Array.scaly:113:9: store pointer[u8]
pointer-report: packages/scaly/0.1.0/scaly/containers/Vector.scaly:132:9: arith pointer[u8] base=field(Vector.data) len=Vector.length
pointer-report: packages/scaly/0.1.0/scaly/containers/Vector.scaly:141:9: arith pointer[u8] base=field(Vector.data) len=Vector.length
pointer-report: packages/scaly/0.1.0/scaly/containers/Vector.scaly:152:9: store-arith pointer[u8] base=field(Vector.data) len=Vector.length
pointer-report: packages/scaly/0.1.0/scaly/containers/Vector.scaly:75:68: cast pointer[void] as pointer[u8]
pointer-report: packages/scaly/0.1.0/scaly/containers/Vector.scaly:76:19: arg-extern pointer[u8] -> memset[0]
pointer-report: packages/scaly/0.1.0/scaly/containers/Vector.scaly:88:71: cast pointer[void] as pointer[u8]
pointer-report: packages/scaly/0.1.0/scaly/containers/Vector.scaly:89:19: arg-extern pointer[u8] -> memcpy(dst)
pointer-report: packages/scaly/0.1.0/scaly/containers/Vector.scaly:89:24: arg-extern pointer[u8] -> memcpy(src)
pointer-report: packages/scaly/0.1.0/scaly/containers/Vector.scaly:101:71: cast pointer[void] as pointer[u8]
pointer-report: packages/scaly/0.1.0/scaly/containers/Vector.scaly:102:19: arg-extern pointer[u8] -> memcpy(dst)
pointer-report: packages/scaly/0.1.0/scaly/containers/Vector.scaly:102:24: arg-extern pointer[u8] -> memcpy(src)
pointer-report: packages/scaly/0.1.0/scaly/containers/List.scaly:21:9: null-test pointer[Node[u8]]
pointer-report: packages/scaly/0.1.0/scaly/containers/ListIterator.scaly:5:9: null-test pointer[Node[u8]]
pointer-report: packages/scaly/0.1.0/scaly/containers/ListIterator.scaly:7:13: local pointer[Node[u8]] old_current
pointer-report: packages/scaly/0.1.0/scaly/containers/List.scaly:31:9: null-test pointer[u8]
pointer-report: packages/scaly/0.1.0/scaly/containers/List.scaly:69:9: null-test pointer[Node[u8]]
pointer-report: packages/scaly/0.1.0/scaly/containers/Vector.scaly:114:71: cast pointer[void] as pointer[u8]
pointer-report: packages/scaly/0.1.0/scaly/containers/Vector.scaly:119:32: deref pointer[u8]
pointer-report: packages/scaly/0.1.0/scaly/containers/Vector.scaly:119:17: store-arith pointer[u8] base=field(Vector.data) len=Vector.length
pointer-report: packages/scaly/0.1.0/scaly/containers/Array.scaly:133:12: null-test pointer[u8]
pointer-report: packages/scaly/0.1.0/scaly/containers/Array.scaly:145:13: local pointer[u8] old_data
pointer-report: packages/scaly/0.1.0/scaly/containers/Array.scaly:148:77: cast pointer[void] as pointer[u8]
pointer-report: packages/scaly/0.1.0/scaly/containers/Array.scaly:150:94: cast pointer[void] as pointer[u8]
pointer-report: packages/scaly/0.1.0/scaly/containers/Array.scaly:153:23: arg-extern pointer[u8] -> memcpy(dst)
pointer-report: packages/scaly/0.1.0/scaly/containers/Array.scaly:153:30: arg-extern pointer[u8] -> memcpy(src)
pointer-report: packages/scaly/0.1.0/scaly/containers/Array.scaly:171:19: arg-extern pointer[u8] -> memcpy(dst)
pointer-report: packages/scaly/0.1.0/scaly/containers/Array.scaly:171:35: arg-extern pointer[u8] -> memcpy(src)
pointer-report: packages/scaly/0.1.0/scaly/containers/Array.scaly:171:19: arith pointer[u8] base=field(Array.buffer) len=Array.length
pointer-report: packages/scaly/0.1.0/scaly/containers/Array.scaly:181:9: arith pointer[u8] base=field(Array.buffer) len=Array.length
pointer-report: packages/scaly/0.1.0/scaly/containers/Array.scaly:222:9: arith pointer[u8] base=field(Array.buffer) len=Array.length
pointer-report: packages/scaly/0.1.0/scaly/containers/Array.scaly:246:9: store-arith pointer[u8] base=field(Array.buffer) len=Array.length
pointer-report: packages/scaly/0.1.0/scaly/containers/Array.scaly:52:9: arith pointer[u8] base=call(get_buffer) recv=Array len=Array.length
pointer-report: packages/scaly/0.1.0/scaly/containers/Array.scaly:299:9: null-test pointer[u8]
pointer-report: packages/scaly/0.1.0/scaly/containers/Array.scaly:307:76: cast pointer[void] as pointer[u8]
pointer-report: packages/scaly/0.1.0/scaly/containers/Array.scaly:312:89: cast pointer[void] as pointer[u8]
pointer-report: packages/scaly/0.1.0/scaly/containers/Array.scaly:317:9: local pointer[u8] old_data
pointer-report: packages/scaly/0.1.0/scaly/containers/Array.scaly:324:75: cast pointer[void] as pointer[u8]
pointer-report: packages/scaly/0.1.0/scaly/containers/Array.scaly:326:19: arg-extern pointer[u8] -> memcpy(dst)
pointer-report: packages/scaly/0.1.0/scaly/containers/Array.scaly:326:26: arg-extern pointer[u8] -> memcpy(src)
pointer-report: packages/scaly/0.1.0/scaly/containers/Array.scaly:337:88: cast pointer[void] as pointer[u8]
pointer-report: packages/scaly/0.1.0/scaly/containers/Array.scaly:339:15: arg-extern pointer[u8] -> memcpy(dst)
pointer-report: packages/scaly/0.1.0/scaly/containers/Array.scaly:339:22: arg-extern pointer[u8] -> memcpy(src)
pointer-report: packages/scaly/0.1.0/scaly/containers/Array.scaly:92:75: cast pointer[void] as pointer[u8]
pointer-report: packages/scaly/0.1.0/scaly/containers/Array.scaly:94:92: cast pointer[void] as pointer[u8]
pointer-report: tests/pointer-report/fixture.scaly:145:5: local pointer[u8] buf
pointer-report: tests/pointer-report/fixture.scaly:145:33: cast pointer[void] as pointer[u8]
pointer-report: tests/pointer-report/fixture.scaly:146:19: deref-arith pointer[u8] base=param(src) len=n
pointer-report: tests/pointer-report/fixture.scaly:146:5: store-arith pointer[u8] base=local(buf<-alloc)
pointer-report: tests/pointer-report/fixture.scaly:147:5: local pointer[u8] view
pointer-report: tests/pointer-report/fixture.scaly:148:11: deref-arith pointer[u8] base=local(view<-call(get_buffer))
pointer-report: tests/pointer-report/fixture.scaly:149:16: deref-arith pointer[u8] base=call(get_buffer) recv=Array len=Array.length
pointer-report: tests/pointer-report/fixture.scaly:150:5: deref pointer[u8]
pointer-report: tests/pointer-report/fixture.scaly:156:5: local pointer[u8] stack_buf
pointer-report: tests/pointer-report/fixture.scaly:157:25: deref-arith pointer[u8] base=param(src) len=n?
pointer-report: tests/pointer-report/fixture.scaly:157:5: store-arith pointer[u8] base=local(stack_buf<-stack[4])
pointer-report: tests/pointer-report/fixture.scaly:158:5: deref-arith pointer[u8] base=local(stack_buf<-stack[4])
